App.tsx(226,60): error TS2304: Cannot find name 'AnimationScript'.
App.tsx(228,51): error TS2304: Cannot find name 'AnimationScript'.
App.tsx(229,49): error TS2304: Cannot find name 'AnimationScript'.
App.tsx(233,52): error TS2304: Cannot find name 'SavedResourceHub'.
App.tsx(235,47): error TS2304: Cannot find name 'SavedResourceHub'.
App.tsx(236,45): error TS2304: Cannot find name 'SavedResourceHub'.
